test1: [4,0,3,7]
test2: [4,0,3,7]
test3: [4,0,3,7]
