[[1,3],[2,4]]
[[_6,3],[2,_6]]
[[_169,_170],[_189,_190]]
[[_169,_189],[_170,_190]]
