   Warning: Initialization goal exception: error(syntax_error(unterminatedt),number_chars/2).
