[a,b,c|1*(1+2)]
[a,b,c|-123]
[a,b,c|_5]
[a,b,c,d,e,f]
[a,b,c|f(_5)]
[a,b,c,1,2,3]
[a,b,c|{1,2,3}]
