   X = f(f(f(X))), Y = f(f(Y))
;  X = a(f(X,b(g(X,Y)))), Y = b(g(a(f(X,Y)),Y))
;  X = s(s(X,s(Y,X)),_A), Y = s(Y,s(s(X,Y),_A)).
