   Warning: Initialization goal exception: error(syntax_error(illegal_character_escape),number_chars/2).
