   Warning: Initialization goal exception: error(type_error(callable,((fail,_1=_2),1)),(:)/2).
