   Warning: Initialization goal exception: error(type_error(character,+),number_chars/2).
